C:\Users\Bryan Jácome Tumbaco\Desktop>mkdir pruebahtml

C:\Users\Bryan Jácome Tumbaco\Desktop>cd pruebahtml

C:\Users\Bryan Jácome Tumbaco\Desktop\pruebahtml>git init
Initialized empty Git repository in C:/Users/Bryan Jácome Tumbaco/Desktop/pruebahtml/.git/

C:\Users\Bryan Jácome Tumbaco\Desktop\pruebahtml>git remote

C:\Users\Bryan Jácome Tumbaco\Desktop\pruebahtml>git remote add origin https://bryanjt2001@bitbucket.org/bryanjt2001/proyectohtml.git
C:\Users\Bryan Jácome Tumbaco\Desktop\pruebahtml>git remote -v
origin  https://bryanjt2001@bitbucket.org/bryanjt2001/proyectohtml.git (fetch)
origin  https://bryanjt2001@bitbucket.org/bryanjt2001/proyectohtml.git (push)


C:\Users\Bryan Jácome Tumbaco\Desktop\proyecyo_html>git push origin master
Enumerating objects: 5, done.
Counting objects: 100% (5/5), done.
Delta compression using up to 8 threads
Compressing objects: 100% (1/1), done.
Writing objects: 100% (3/3), 289 bytes | 289.00 KiB/s, done.
Total 3 (delta 0), reused 0 (delta 0), pack-reused 0
To https://bitbucket.org/bryanjt2001/proyecyo_html.git
   35d0ac7..4ba350c  master -> master
   
C:\Users\Bryan Jácome Tumbaco\Desktop\proyecyo_html>git commit -m "Añado un archivo index.html"
[master 034024d] Añado un archivo index.html
 1 file changed, 0 insertions(+), 0 deletions(-)
 create mode 100644 index.html

C:\Users\Bryan Jácome Tumbaco\Desktop\proyecyo_html>copy con "style.css"
^Z
        1 archivo(s) copiado(s).

C:\Users\Bryan Jácome Tumbaco\Desktop\proyecyo_html>git add .

C:\Users\Bryan Jácome Tumbaco\Desktop\proyecyo_html>git commit -m "Añado un archivo style.html"
[master 4ff8522] Añado un archivo style.html
 1 file changed, 0 insertions(+), 0 deletions(-)
 create mode 100644 style.css

C:\Users\Bryan Jácome Tumbaco\Desktop\proyecyo_html>git push
Enumerating objects: 6, done.
Counting objects: 100% (6/6), done.
Delta compression using up to 8 threads
Compressing objects: 100% (4/4), done.
Writing objects: 100% (5/5), 496 bytes | 496.00 KiB/s, done.
Total 5 (delta 1), reused 0 (delta 0), pack-reused 0
To https://bitbucket.org/bryanjt2001/proyecyo_html.git
   4ba350c..4ff8522  master -> master

C:\Users\Bryan Jácome Tumbaco\Desktop\proyecyo_html>git status
On branch master
Your branch is up to date with 'origin/master'.

nothing to commit, working tree clean

